Microchip MPLAB XC8 Compiler V2.10 ()

Linker command line:

-W-3 --edf=C:\Program Files (x86)\Microchip\xc8\v2.10\pic\dat\en_msgs.txt \
  -cs -h+dist/default/production\Nixie_Clock.X.production.sym \
  --cmf=dist/default/production\Nixie_Clock.X.production.cmf -z -Q16F1827 \
  -oC:\Users\KOKUBO\AppData\Local\Temp\s48s.2 --defsym=__MPLAB_BUILD=1 \
  -Mdist/default/production/Nixie_Clock.X.production.map -E1 -ver=XC8 \
  --acfsm=1493 -ASTACK=0201Bh-0216Fh -pstack=STACK -ACODE=00h-07FFhx2 \
  -ASTRCODE=00h-0FFFh -ASTRING=00h-0FFhx16 -ACONST=00h-0FFhx16 \
  -AENTRY=00h-0FFhx16 -ACOMMON=070h-07Fh -ABANK0=020h-06Fh \
  -ABANK1=0A0h-0EFh -ABANK2=0120h-016Fh -ABANK3=01A0h-01EFh \
  -ABANK4=0220h-024Fh -ABIGRAM=02000h-0216Fh \
  -ARAM=020h-06Fh,0A0h-0EFh,0120h-016Fh,01A0h-01EFh,0220h-024Fh \
  -AABS1=020h-07Fh,0A0h-0EFh,0120h-016Fh,01A0h-01EFh,0220h-024Fh \
  -ASFR0=00h-01Fh -ASFR1=080h-09Fh -ASFR2=0100h-011Fh -ASFR3=0180h-019Fh \
  -ASFR4=0200h-021Fh -ASFR5=0280h-02EFh -ASFR6=0300h-036Fh \
  -ASFR7=0380h-03EFh -ASFR8=0400h-046Fh -ASFR9=0480h-04EFh \
  -ASFR10=0500h-056Fh -ASFR11=0580h-05EFh -ASFR12=0600h-066Fh \
  -ASFR13=0680h-06EFh -ASFR14=0700h-076Fh -ASFR15=0780h-07EFh \
  -ASFR16=0800h-086Fh -ASFR17=0880h-08EFh -ASFR18=0900h-096Fh \
  -ASFR19=0980h-09EFh -ASFR20=0A00h-0A6Fh -ASFR21=0A80h-0AEFh \
  -ASFR22=0B00h-0B6Fh -ASFR23=0B80h-0BEFh -ASFR24=0C00h-0C6Fh \
  -ASFR25=0C80h-0CEFh -ASFR26=0D00h-0D6Fh -ASFR27=0D80h-0DEFh \
  -ASFR28=0E00h-0E6Fh -ASFR29=0E80h-0EEFh -ASFR30=0F00h-0F6Fh \
  -ASFR31=0F80h-0FEFh -preset_vec=00h,intentry=04h,init,end_init \
  -ppowerup=CODE -pcinit=CODE -pfunctab=ENTRY -ACONFIG=08007h-08008h \
  -pconfig=CONFIG -DCONFIG=2 -AIDLOC=08000h-08003h -pidloc=IDLOC -DIDLOC=2 \
  -AEEDATA=00h-0FFh/0F000h -peeprom_data=EEDATA -DEEDATA=2 -DCODE=2 \
  -DSTRCODE=2 -DSTRING=2 -DCONST=2 -DENTRY=2 -k \
  C:\Users\KOKUBO\AppData\Local\Temp\s48s.o \
  dist/default/production\Nixie_Clock.X.production.o 

Object code version is 3.11

Machine type is 16F1827



                Name                               Link     Load   Length Selector   Space Scale
C:\Users\KOKUBO\AppData\Local\Temp\s48s.o
                end_init                             35       35        2        8       0
                reset_vec                             0        0        2        0       0
                config                             8007     8007        2    1000E       0
dist/default/production\Nixie_Clock.X.production.o
                cinit                                37       37       14        8       0
                intentry                              4        4       31        8       0
                text44                              2E2      2E2        3        8       0
                text43                              270      270        7        8       0
                text42                              2E5      2E5        2        8       0
                text41                              249      249        D        8       0
                text40                              2DF      2DF        3        8       0
                text39                              2C7      2C7        5        8       0
                text38                              2C2      2C2        5        8       0
                text37                              2BD      2BD        5        8       0
                text36                              2DC      2DC        3        8       0
                text35                              269      269        7        8       0
                text34                              23C      23C        D        8       0
                text33                              22F      22F        D        8       0
                text32                              2D9      2D9        3        8       0
                text31                              2D6      2D6        3        8       0
                text30                              2B8      2B8        5        8       0
                text29                              2B3      2B3        5        8       0
                text28                              222      222        D        8       0
                text27                              2E8      2E8        1        8       0
                text26                              215      215        D        8       0
                text25                               E4       E4       57        8       0
                text24                              1E4      1E4       11        8       0
                text23                               4B       4B       99        8       0
                text22                              2E7      2E7        1        8       0
                text21                              1B9      1B9       16        8       0
                text19                              2D3      2D3        3        8       0
                text18                              205      205       10        8       0
                text17                              2AD      2AD        6        8       0
                text16                              2A7      2A7        6        8       0
                text15                              2A1      2A1        6        8       0
                text14                              29B      29B        6        8       0
                text13                              295      295        6        8       0
                text12                              28F      28F        6        8       0
                text11                              289      289        6        8       0
                text10                              283      283        6        8       0
                text9                               13B      13B       3F        8       0
                text8                               256      256        C        8       0
                text7                               262      262        7        8       0
                text6                               1CF      1CF       15        8       0
                text5                               27D      27D        6        8       0
                text4                               1A0      1A0       19        8       0
                text3                               2CC      2CC        4        8       0
                text2                               1F5      1F5       10        8       0
                text1                               2D0      2D0        3        8       0
                maintext                            17A      17A       26        8       0
                cstackBANK0                          39       39        2       20       1
                cstackCOMMON                         79       79        3       70       1
                clrtext                             277      277        6        8       0
                bssBANK0                             20       20       15       20       1
                bssCOMMON                            70       70        9       70       1
                nvBANK0                              35       35        4       20       1

TOTAL           Name                               Link     Load   Length     Space
        CLASS   STACK          

        CLASS   CODE           
                end_init                             35       35        2         0
                cinit                                37       37       14         0
                intentry                              4        4       31         0
                reset_vec                             0        0        2         0
                text44                              2E2      2E2        3         0
                text43                              270      270        7         0
                text42                              2E5      2E5        2         0
                text41                              249      249        D         0
                text40                              2DF      2DF        3         0
                text39                              2C7      2C7        5         0
                text38                              2C2      2C2        5         0
                text37                              2BD      2BD        5         0
                text36                              2DC      2DC        3         0
                text35                              269      269        7         0
                text34                              23C      23C        D         0
                text33                              22F      22F        D         0
                text32                              2D9      2D9        3         0
                text31                              2D6      2D6        3         0
                text30                              2B8      2B8        5         0
                text29                              2B3      2B3        5         0
                text28                              222      222        D         0
                text27                              2E8      2E8        1         0
                text26                              215      215        D         0
                text25                               E4       E4       57         0
                text24                              1E4      1E4       11         0
                text23                               4B       4B       99         0
                text22                              2E7      2E7        1         0
                text21                              1B9      1B9       16         0
                text19                              2D3      2D3        3         0
                text18                              205      205       10         0
                text17                              2AD      2AD        6         0
                text16                              2A7      2A7        6         0
                text15                              2A1      2A1        6         0
                text14                              29B      29B        6         0
                text13                              295      295        6         0
                text12                              28F      28F        6         0
                text11                              289      289        6         0
                text10                              283      283        6         0
                text9                               13B      13B       3F         0
                text8                               256      256        C         0
                text7                               262      262        7         0
                text6                               1CF      1CF       15         0
                text5                               27D      27D        6         0
                text4                               1A0      1A0       19         0
                text3                               2CC      2CC        4         0
                text2                               1F5      1F5       10         0
                text1                               2D0      2D0        3         0
                maintext                            17A      17A       26         0
                clrtext                             277      277        6         0

        CLASS   STRCODE        

        CLASS   STRING         

        CLASS   CONST          

        CLASS   ENTRY          

        CLASS   COMMON         
                cstackCOMMON                         79       79        3         1
                bssCOMMON                            70       70        9         1

        CLASS   BANK0          
                cstackBANK0                          39       39        2         1
                bssBANK0                             20       20       15         1
                nvBANK0                              35       35        4         1

        CLASS   BANK1          

        CLASS   BANK2          

        CLASS   BANK3          

        CLASS   BANK4          

        CLASS   BIGRAM         

        CLASS   RAM            

        CLASS   ABS1           
                abs_s1                               7E       7E        2         1

        CLASS   SFR0           

        CLASS   SFR1           

        CLASS   SFR2           

        CLASS   SFR3           

        CLASS   SFR4           

        CLASS   SFR5           

        CLASS   SFR6           

        CLASS   SFR7           

        CLASS   SFR8           

        CLASS   SFR9           

        CLASS   SFR10          

        CLASS   SFR11          

        CLASS   SFR12          

        CLASS   SFR13          

        CLASS   SFR14          

        CLASS   SFR15          

        CLASS   SFR16          

        CLASS   SFR17          

        CLASS   SFR18          

        CLASS   SFR19          

        CLASS   SFR20          

        CLASS   SFR21          

        CLASS   SFR22          

        CLASS   SFR23          

        CLASS   SFR24          

        CLASS   SFR25          

        CLASS   SFR26          

        CLASS   SFR27          

        CLASS   SFR28          

        CLASS   SFR29          

        CLASS   SFR30          

        CLASS   SFR31          

        CLASS   CONFIG         
                config                             8007     8007        2         0

        CLASS   IDLOC          

        CLASS   EEDATA         

        CLASS   BANK31         

        CLASS   BANK30         

        CLASS   BANK29         

        CLASS   BANK28         

        CLASS   BANK27         

        CLASS   BANK26         

        CLASS   BANK25         

        CLASS   BANK24         

        CLASS   BANK23         

        CLASS   BANK22         

        CLASS   BANK21         

        CLASS   BANK20         

        CLASS   BANK19         

        CLASS   BANK18         

        CLASS   BANK17         

        CLASS   BANK16         

        CLASS   BANK15         

        CLASS   BANK14         

        CLASS   BANK13         

        CLASS   BANK12         

        CLASS   BANK11         

        CLASS   BANK10         

        CLASS   BANK9          

        CLASS   BANK8          

        CLASS   BANK7          

        CLASS   BANK6          

        CLASS   BANK5          



SEGMENTS        Name                           Load    Length   Top    Selector   Space  Class     Delta

                reset_vec                      000000  000002  000002         0       0  CODE        2
                intentry                       000004  0002E5  0002E9         8       0  CODE        2
                bssBANK0                       000020  00001B  00003B        20       1  BANK0       1
                bssCOMMON                      000070  00000C  00007C        70       1  COMMON      1
                config                         008007  000002  008009     1000E       0  CONFIG      2


UNUSED ADDRESS RANGES

        Name                Unused          Largest block    Delta
        BANK0            0003B-0006F              35           1
        BANK1            000A0-000EF              50           1
        BANK2            00120-0016F              50           1
        BANK3            001A0-001EF              50           1
        BANK4            00220-0024F              30           1
        BIGRAM           02000-0216F             170           1
        CODE             00002-00003               2           2
                         002E9-00FFF             517
        COMMON           0007C-0007D               2           1
        CONST            00002-00003               2           2
                         002E9-00FFF             100
        EEDATA           0F000-0F0FF             100           2
        ENTRY            00002-00003               2           2
                         002E9-00FFF             100
        IDLOC            08000-08003               4           2
        RAM              0003B-0006F              35           1
                         000A0-000EF              50
                         00120-0016F              50
                         001A0-001EF              50
                         00220-0024F              30
        SFR0             00000-0001F              20           1
        SFR1             00080-0009F              20           1
        SFR10            00500-0056F              70           1
        SFR11            00580-005EF              70           1
        SFR12            00600-0066F              70           1
        SFR13            00680-006EF              70           1
        SFR14            00700-0076F              70           1
        SFR15            00780-007EF              70           1
        SFR16            00800-0086F              70           1
        SFR17            00880-008EF              70           1
        SFR18            00900-0096F              70           1
        SFR19            00980-009EF              70           1
        SFR2             00100-0011F              20           1
        SFR20            00A00-00A6F              70           1
        SFR21            00A80-00AEF              70           1
        SFR22            00B00-00B6F              70           1
        SFR23            00B80-00BEF              70           1
        SFR24            00C00-00C6F              70           1
        SFR25            00C80-00CEF              70           1
        SFR26            00D00-00D6F              70           1
        SFR27            00D80-00DEF              70           1
        SFR28            00E00-00E6F              70           1
        SFR29            00E80-00EEF              70           1
        SFR3             00180-0019F              20           1
        SFR30            00F00-00F6F              70           1
        SFR31            00F80-00FEF              70           1
        SFR4             00200-0021F              20           1
        SFR5             00280-002EF              70           1
        SFR6             00300-0036F              70           1
        SFR7             00380-003EF              70           1
        SFR8             00400-0046F              70           1
        SFR9             00480-004EF              70           1
        STACK            0201B-0216F             155           1
        STRCODE          00002-00003               2           2
                         002E9-00FFF             D17
        STRING           00002-00003               2           2
                         002E9-00FFF             100

                                  Symbol Table

I2C1_SlaveSendTxData@data                    cstackCOMMON 00079
I2C1_SlaveSetAddrIntHandler@handler          cstackBANK0  00039
I2C1_SlaveSetBusColIntHandler@handler        cstackBANK0  00039
I2C1_SlaveSetIsrHandler@handler              cstackBANK0  00039
I2C1_SlaveSetReadIntHandler@handler          cstackBANK0  00039
I2C1_SlaveSetSlaveAddr@slaveAddr             cstackBANK0  00039
I2C1_SlaveSetSlaveMask@maskAddr              cstackBANK0  00039
I2C1_SlaveSetWrColIntHandler@handler         cstackBANK0  00039
I2C1_SlaveSetWriteIntHandler@handler         cstackBANK0  00039
TMR1_SetInterruptHandler@InterruptHandler    cstackBANK0  00039
TMR1_WriteTimer@timerVal                     cstackCOMMON 00079
_ANSELA                                      (abs)        0018C
_ANSELB                                      (abs)        0018D
_APFCON0                                     (abs)        0011D
_APFCON1                                     (abs)        0011E
_BORCON                                      (abs)        00116
_DisplayCnt                                  bssCOMMON    00070
_DisplayNum                                  bssCOMMON    00073
_DisplayVal                                  bssBANK0     00020
_I2C1_AddrISR                                text42       002E5
_I2C1_Initialize                             text8        00256
_I2C1_Isr                                    text25       000E4
_I2C1_Open                                   text9        0013B
_I2C1_ReadISR                                text34       0023C
_I2C1_SlaveAddrCallBack                      text41       00249
_I2C1_SlaveAddrInterruptHandler              bssBANK0     0002A
_I2C1_SlaveBusColInterruptHandler            bssBANK0     00028
_I2C1_SlaveClearIrq                          text40       002DF
_I2C1_SlaveDefAddrInterruptHandler           text43       00270
_I2C1_SlaveDefBusColInterruptHandler         (abs)        00000
_I2C1_SlaveDefRdInterruptHandler             text35       00269
_I2C1_SlaveDefWrColInterruptHandler          text27       002E8
_I2C1_SlaveDefWrInterruptHandler             text29       002B3
_I2C1_SlaveEnableIrq                         text19       002D3
_I2C1_SlaveGetAddr                           text44       002E2
_I2C1_SlaveGetRxData                         text36       002DC
_I2C1_SlaveIsData                            text39       002C7
_I2C1_SlaveIsRead                            text38       002C2
_I2C1_SlaveIsWriteCollision                  text37       002BD
_I2C1_SlaveOpen                              text18       00205
_I2C1_SlaveRdCallBack                        text33       0022F
_I2C1_SlaveRdInterruptHandler                bssBANK0     0002E
_I2C1_SlaveReleaseClock                      text32       002D9
_I2C1_SlaveRestart                           text31       002D6
_I2C1_SlaveSendTxData                        text30       002B8
_I2C1_SlaveSetAddrIntHandler                 text17       002AD
_I2C1_SlaveSetBusColIntHandler               text16       002A7
_I2C1_SlaveSetIsrHandler                     text15       002A1
_I2C1_SlaveSetReadIntHandler                 text14       0029B
_I2C1_SlaveSetSlaveAddr                      text13       00295
_I2C1_SlaveSetSlaveMask                      text12       0028F
_I2C1_SlaveSetWrColIntHandler                text11       00289
_I2C1_SlaveSetWriteIntHandler                text10       00283
_I2C1_SlaveWrCallBack                        text28       00222
_I2C1_SlaveWrColCallBack                     text26       00215
_I2C1_SlaveWrColInterruptHandler             bssBANK0     00026
_I2C1_SlaveWrInterruptHandler                bssBANK0     0002C
_I2C_ReadCnt                                 bssCOMMON    00072
_INTCONbits                                  (abs)        0000B
_INTERRUPT_InterruptManager                  intentry     00004
_LATA                                        (abs)        0010C
_LATAbits                                    (abs)        0010C
_LATB                                        (abs)        0010D
_LATBbits                                    (abs)        0010D
_MSSP1_InterruptHandler                      bssBANK0     00030
_OPTION_REGbits                              (abs)        00095
_OSCCON                                      (abs)        00099
_OSCILLATOR_Initialize                       text7        00262
_OSCTUNE                                     (abs)        00098
_PIE1bits                                    (abs)        00091
_PIE2bits                                    (abs)        00092
_PIN_MANAGER_Initialize                      text6        001CF
_PIR1bits                                    (abs)        00011
_PIR2bits                                    (abs)        00012
_SSP1ADD                                     (abs)        00212
_SSP1BUF                                     (abs)        00211
_SSP1CON1                                    (abs)        00215
_SSP1CON1bits                                (abs)        00215
_SSP1CON2                                    (abs)        00216
_SSP1CON2bits                                (abs)        00216
_SSP1MSK                                     (abs)        00213
_SSP1STAT                                    (abs)        00214
_SSP1STATbits                                (abs)        00214
_SYSTEM_Initialize                           text2        001F5
_T1CON                                       (abs)        00018
_T1CONbits                                   (abs)        00018
_T1GCON                                      (abs)        00019
_T1GCONbits                                  (abs)        00019
_TMR1H                                       (abs)        00017
_TMR1L                                       (abs)        00016
_TMR1_DefaultInterruptHandler                text22       002E7
_TMR1_ISR                                    text21       001B9
_TMR1_Initialize                             text4        001A0
_TMR1_InterruptHandler                       nvBANK0      00035
_TMR1_SetInterruptHandler                    text5        0027D
_TMR1_StartTimer                             text1        002D0
_TMR1_WriteTimer                             text24       001E4
_TRISA                                       (abs)        0008C
_TRISB                                       (abs)        0008D
_Timer_ISR                                   text23       0004B
_WDTCON                                      (abs)        00097
_WDT_Initialize                              text3        002CC
_WPUA                                        (abs)        0020C
_WPUB                                        (abs)        0020D
__CFG_BOREN$ON                               (abs)        00000
__CFG_BORV$LO                                (abs)        00000
__CFG_CLKOUTEN$OFF                           (abs)        00000
__CFG_CP$OFF                                 (abs)        00000
__CFG_CPD$OFF                                (abs)        00000
__CFG_FCMEN$ON                               (abs)        00000
__CFG_FOSC$INTOSC                            (abs)        00000
__CFG_IESO$ON                                (abs)        00000
__CFG_LVP$ON                                 (abs)        00000
__CFG_MCLRE$ON                               (abs)        00000
__CFG_PLLEN$OFF                              (abs)        00000
__CFG_PWRTE$OFF                              (abs)        00000
__CFG_STVREN$ON                              (abs)        00000
__CFG_WDTE$OFF                               (abs)        00000
__CFG_WRT$OFF                                (abs)        00000
__Habs1                                      abs1         00000
__Hbank0                                     bank0        00000
__Hbank1                                     bank1        00000
__Hbank10                                    bank10       00000
__Hbank11                                    bank11       00000
__Hbank12                                    bank12       00000
__Hbank13                                    bank13       00000
__Hbank14                                    bank14       00000
__Hbank15                                    bank15       00000
__Hbank16                                    bank16       00000
__Hbank17                                    bank17       00000
__Hbank18                                    bank18       00000
__Hbank19                                    bank19       00000
__Hbank2                                     bank2        00000
__Hbank20                                    bank20       00000
__Hbank21                                    bank21       00000
__Hbank22                                    bank22       00000
__Hbank23                                    bank23       00000
__Hbank24                                    bank24       00000
__Hbank25                                    bank25       00000
__Hbank26                                    bank26       00000
__Hbank27                                    bank27       00000
__Hbank28                                    bank28       00000
__Hbank29                                    bank29       00000
__Hbank3                                     bank3        00000
__Hbank30                                    bank30       00000
__Hbank31                                    bank31       00000
__Hbank4                                     bank4        00000
__Hbank5                                     bank5        00000
__Hbank6                                     bank6        00000
__Hbank7                                     bank7        00000
__Hbank8                                     bank8        00000
__Hbank9                                     bank9        00000
__Hbigram                                    bigram       00000
__HbssBANK0                                  bssBANK0     00000
__HbssCOMMON                                 bssCOMMON    00000
__Hcinit                                     cinit        0004B
__Hclrtext                                   clrtext      00000
__Hcode                                      code         00000
__Hcommon                                    common       00000
__Hconfig                                    config       08009
__HcstackBANK0                               cstackBANK0  00000
__HcstackCOMMON                              cstackCOMMON 00000
__Heeprom_data                               eeprom_data  00000
__Hend_init                                  end_init     00037
__Hfunctab                                   functab      00000
__Hidloc                                     idloc        00000
__Hinit                                      init         00035
__Hintentry                                  intentry     00035
__Hmaintext                                  maintext     00000
__HnvBANK0                                   nvBANK0      00000
__Hpowerup                                   powerup      00000
__Hram                                       ram          00000
__Hreset_vec                                 reset_vec    00002
__Hsfr0                                      sfr0         00000
__Hsfr1                                      sfr1         00000
__Hsfr10                                     sfr10        00000
__Hsfr11                                     sfr11        00000
__Hsfr12                                     sfr12        00000
__Hsfr13                                     sfr13        00000
__Hsfr14                                     sfr14        00000
__Hsfr15                                     sfr15        00000
__Hsfr16                                     sfr16        00000
__Hsfr17                                     sfr17        00000
__Hsfr18                                     sfr18        00000
__Hsfr19                                     sfr19        00000
__Hsfr2                                      sfr2         00000
__Hsfr20                                     sfr20        00000
__Hsfr21                                     sfr21        00000
__Hsfr22                                     sfr22        00000
__Hsfr23                                     sfr23        00000
__Hsfr24                                     sfr24        00000
__Hsfr25                                     sfr25        00000
__Hsfr26                                     sfr26        00000
__Hsfr27                                     sfr27        00000
__Hsfr28                                     sfr28        00000
__Hsfr29                                     sfr29        00000
__Hsfr3                                      sfr3         00000
__Hsfr30                                     sfr30        00000
__Hsfr31                                     sfr31        00000
__Hsfr4                                      sfr4         00000
__Hsfr5                                      sfr5         00000
__Hsfr6                                      sfr6         00000
__Hsfr7                                      sfr7         00000
__Hsfr8                                      sfr8         00000
__Hsfr9                                      sfr9         00000
__Hspace_0                                   (abs)        08009
__Hspace_1                                   (abs)        0007C
__Hspace_2                                   (abs)        00000
__Hspace_3                                   (abs)        00000
__Hstack                                     stack        00000
__Hstrings                                   strings      00000
__Htext                                      text         00000
__Labs1                                      abs1         00000
__Lbank0                                     bank0        00000
__Lbank1                                     bank1        00000
__Lbank10                                    bank10       00000
__Lbank11                                    bank11       00000
__Lbank12                                    bank12       00000
__Lbank13                                    bank13       00000
__Lbank14                                    bank14       00000
__Lbank15                                    bank15       00000
__Lbank16                                    bank16       00000
__Lbank17                                    bank17       00000
__Lbank18                                    bank18       00000
__Lbank19                                    bank19       00000
__Lbank2                                     bank2        00000
__Lbank20                                    bank20       00000
__Lbank21                                    bank21       00000
__Lbank22                                    bank22       00000
__Lbank23                                    bank23       00000
__Lbank24                                    bank24       00000
__Lbank25                                    bank25       00000
__Lbank26                                    bank26       00000
__Lbank27                                    bank27       00000
__Lbank28                                    bank28       00000
__Lbank29                                    bank29       00000
__Lbank3                                     bank3        00000
__Lbank30                                    bank30       00000
__Lbank31                                    bank31       00000
__Lbank4                                     bank4        00000
__Lbank5                                     bank5        00000
__Lbank6                                     bank6        00000
__Lbank7                                     bank7        00000
__Lbank8                                     bank8        00000
__Lbank9                                     bank9        00000
__Lbigram                                    bigram       00000
__LbssBANK0                                  bssBANK0     00000
__LbssCOMMON                                 bssCOMMON    00000
__Lcinit                                     cinit        00037
__Lclrtext                                   clrtext      00000
__Lcode                                      code         00000
__Lcommon                                    common       00000
__Lconfig                                    config       08007
__LcstackBANK0                               cstackBANK0  00000
__LcstackCOMMON                              cstackCOMMON 00000
__Leeprom_data                               eeprom_data  00000
__Lend_init                                  end_init     00035
__Lfunctab                                   functab      00000
__Lidloc                                     idloc        00000
__Linit                                      init         00035
__Lintentry                                  intentry     00004
__Lmaintext                                  maintext     00000
__LnvBANK0                                   nvBANK0      00000
__Lpowerup                                   powerup      00000
__Lram                                       ram          00000
__Lreset_vec                                 reset_vec    00000
__Lsfr0                                      sfr0         00000
__Lsfr1                                      sfr1         00000
__Lsfr10                                     sfr10        00000
__Lsfr11                                     sfr11        00000
__Lsfr12                                     sfr12        00000
__Lsfr13                                     sfr13        00000
__Lsfr14                                     sfr14        00000
__Lsfr15                                     sfr15        00000
__Lsfr16                                     sfr16        00000
__Lsfr17                                     sfr17        00000
__Lsfr18                                     sfr18        00000
__Lsfr19                                     sfr19        00000
__Lsfr2                                      sfr2         00000
__Lsfr20                                     sfr20        00000
__Lsfr21                                     sfr21        00000
__Lsfr22                                     sfr22        00000
__Lsfr23                                     sfr23        00000
__Lsfr24                                     sfr24        00000
__Lsfr25                                     sfr25        00000
__Lsfr26                                     sfr26        00000
__Lsfr27                                     sfr27        00000
__Lsfr28                                     sfr28        00000
__Lsfr29                                     sfr29        00000
__Lsfr3                                      sfr3         00000
__Lsfr30                                     sfr30        00000
__Lsfr31                                     sfr31        00000
__Lsfr4                                      sfr4         00000
__Lsfr5                                      sfr5         00000
__Lsfr6                                      sfr6         00000
__Lsfr7                                      sfr7         00000
__Lsfr8                                      sfr8         00000
__Lsfr9                                      sfr9         00000
__Lspace_0                                   (abs)        00000
__Lspace_1                                   (abs)        00000
__Lspace_2                                   (abs)        00000
__Lspace_3                                   (abs)        00000
__Lstack                                     stack        00000
__Lstrings                                   strings      00000
__Ltext                                      text         00000
__S0                                         (abs)        08009
__S1                                         (abs)        0007C
__S2                                         (abs)        00000
__S3                                         (abs)        00000
___int_sp                                    stack        00000
___latbits                                   (abs)        00001
___sp                                        stack        00000
___stackhi                                   (abs)        0216F
___stacklo                                   (abs)        0201B
__end_of_I2C1_AddrISR                        text42       002E7
__end_of_I2C1_Initialize                     text8        00262
__end_of_I2C1_Isr                            text25       0013B
__end_of_I2C1_Open                           text9        0017A
__end_of_I2C1_ReadISR                        text34       00249
__end_of_I2C1_SlaveAddrCallBack              text41       00256
__end_of_I2C1_SlaveClearIrq                  text40       002E2
__end_of_I2C1_SlaveDefAddrInterruptHandler   text43       00277
__end_of_I2C1_SlaveDefRdInterruptHandler     text35       00270
__end_of_I2C1_SlaveDefWrColInterruptHandler  text27       002E9
__end_of_I2C1_SlaveDefWrInterruptHandler     text29       002B8
__end_of_I2C1_SlaveEnableIrq                 text19       002D6
__end_of_I2C1_SlaveGetAddr                   text44       002E5
__end_of_I2C1_SlaveGetRxData                 text36       002DF
__end_of_I2C1_SlaveIsData                    text39       002CC
__end_of_I2C1_SlaveIsRead                    text38       002C7
__end_of_I2C1_SlaveIsWriteCollision          text37       002C2
__end_of_I2C1_SlaveOpen                      text18       00215
__end_of_I2C1_SlaveRdCallBack                text33       0023C
__end_of_I2C1_SlaveReleaseClock              text32       002DC
__end_of_I2C1_SlaveRestart                   text31       002D9
__end_of_I2C1_SlaveSendTxData                text30       002BD
__end_of_I2C1_SlaveSetAddrIntHandler         text17       002B3
__end_of_I2C1_SlaveSetBusColIntHandler       text16       002AD
__end_of_I2C1_SlaveSetIsrHandler             text15       002A7
__end_of_I2C1_SlaveSetReadIntHandler         text14       002A1
__end_of_I2C1_SlaveSetSlaveAddr              text13       0029B
__end_of_I2C1_SlaveSetSlaveMask              text12       00295
__end_of_I2C1_SlaveSetWrColIntHandler        text11       0028F
__end_of_I2C1_SlaveSetWriteIntHandler        text10       00289
__end_of_I2C1_SlaveWrCallBack                text28       0022F
__end_of_I2C1_SlaveWrColCallBack             text26       00222
__end_of_INTERRUPT_InterruptManager          intentry     00035
__end_of_OSCILLATOR_Initialize               text7        00269
__end_of_PIN_MANAGER_Initialize              text6        001E4
__end_of_SYSTEM_Initialize                   text2        00205
__end_of_TMR1_DefaultInterruptHandler        text22       002E8
__end_of_TMR1_ISR                            text21       001CF
__end_of_TMR1_Initialize                     text4        001B9
__end_of_TMR1_SetInterruptHandler            text5        00283
__end_of_TMR1_StartTimer                     text1        002D3
__end_of_TMR1_WriteTimer                     text24       001F5
__end_of_Timer_ISR                           text23       000E4
__end_of_WDT_Initialize                      text3        002D0
__end_of__initialization                     cinit        00047
__end_of_main                                maintext     001A0
__initialization                             cinit        00037
__pbssBANK0                                  bssBANK0     00020
__pbssCOMMON                                 bssCOMMON    00070
__pcstackBANK0                               cstackBANK0  00039
__pcstackCOMMON                              cstackCOMMON 00079
__pintentry                                  intentry     00004
__pmaintext                                  maintext     0017A
__pnvBANK0                                   nvBANK0      00035
__ptext1                                     text1        002D0
__ptext10                                    text10       00283
__ptext11                                    text11       00289
__ptext12                                    text12       0028F
__ptext13                                    text13       00295
__ptext14                                    text14       0029B
__ptext15                                    text15       002A1
__ptext16                                    text16       002A7
__ptext17                                    text17       002AD
__ptext18                                    text18       00205
__ptext19                                    text19       002D3
__ptext2                                     text2        001F5
__ptext21                                    text21       001B9
__ptext22                                    text22       002E7
__ptext23                                    text23       0004B
__ptext24                                    text24       001E4
__ptext25                                    text25       000E4
__ptext26                                    text26       00215
__ptext27                                    text27       002E8
__ptext28                                    text28       00222
__ptext29                                    text29       002B3
__ptext3                                     text3        002CC
__ptext30                                    text30       002B8
__ptext31                                    text31       002D6
__ptext32                                    text32       002D9
__ptext33                                    text33       0022F
__ptext34                                    text34       0023C
__ptext35                                    text35       00269
__ptext36                                    text36       002DC
__ptext37                                    text37       002BD
__ptext38                                    text38       002C2
__ptext39                                    text39       002C7
__ptext4                                     text4        001A0
__ptext40                                    text40       002DF
__ptext41                                    text41       00249
__ptext42                                    text42       002E5
__ptext43                                    text43       00270
__ptext44                                    text44       002E2
__ptext5                                     text5        0027D
__ptext6                                     text6        001CF
__ptext7                                     text7        00262
__ptext8                                     text8        00256
__ptext9                                     text9        0013B
__size_of_I2C1_AddrISR                       (abs)        00000
__size_of_I2C1_Initialize                    (abs)        00000
__size_of_I2C1_Isr                           (abs)        00000
__size_of_I2C1_Open                          (abs)        00000
__size_of_I2C1_ReadISR                       (abs)        00000
__size_of_I2C1_SlaveAddrCallBack             (abs)        00000
__size_of_I2C1_SlaveClearIrq                 (abs)        00000
__size_of_I2C1_SlaveDefAddrInterruptHandler  (abs)        00000
__size_of_I2C1_SlaveDefRdInterruptHandler    (abs)        00000
__size_of_I2C1_SlaveDefWrColInterruptHandler (abs)        00000
__size_of_I2C1_SlaveDefWrInterruptHandler    (abs)        00000
__size_of_I2C1_SlaveEnableIrq                (abs)        00000
__size_of_I2C1_SlaveGetAddr                  (abs)        00000
__size_of_I2C1_SlaveGetRxData                (abs)        00000
__size_of_I2C1_SlaveIsData                   (abs)        00000
__size_of_I2C1_SlaveIsRead                   (abs)        00000
__size_of_I2C1_SlaveIsWriteCollision         (abs)        00000
__size_of_I2C1_SlaveOpen                     (abs)        00000
__size_of_I2C1_SlaveRdCallBack               (abs)        00000
__size_of_I2C1_SlaveReleaseClock             (abs)        00000
__size_of_I2C1_SlaveRestart                  (abs)        00000
__size_of_I2C1_SlaveSendTxData               (abs)        00000
__size_of_I2C1_SlaveSetAddrIntHandler        (abs)        00000
__size_of_I2C1_SlaveSetBusColIntHandler      (abs)        00000
__size_of_I2C1_SlaveSetIsrHandler            (abs)        00000
__size_of_I2C1_SlaveSetReadIntHandler        (abs)        00000
__size_of_I2C1_SlaveSetSlaveAddr             (abs)        00000
__size_of_I2C1_SlaveSetSlaveMask             (abs)        00000
__size_of_I2C1_SlaveSetWrColIntHandler       (abs)        00000
__size_of_I2C1_SlaveSetWriteIntHandler       (abs)        00000
__size_of_I2C1_SlaveWrCallBack               (abs)        00000
__size_of_I2C1_SlaveWrColCallBack            (abs)        00000
__size_of_INTERRUPT_InterruptManager         (abs)        00000
__size_of_OSCILLATOR_Initialize              (abs)        00000
__size_of_PIN_MANAGER_Initialize             (abs)        00000
__size_of_SYSTEM_Initialize                  (abs)        00000
__size_of_TMR1_DefaultInterruptHandler       (abs)        00000
__size_of_TMR1_ISR                           (abs)        00000
__size_of_TMR1_Initialize                    (abs)        00000
__size_of_TMR1_SetInterruptHandler           (abs)        00000
__size_of_TMR1_StartTimer                    (abs)        00000
__size_of_TMR1_WriteTimer                    (abs)        00000
__size_of_Timer_ISR                          (abs)        00000
__size_of_WDT_Initialize                     (abs)        00000
__size_of_main                               (abs)        00000
_i2c1NextState                               bssCOMMON    00077
_i2c1RdData                                  bssCOMMON    00075
_i2c1SlaveAddr                               bssCOMMON    00074
_i2c1State                                   bssCOMMON    00078
_i2c1WrData                                  bssCOMMON    00076
_main                                        maintext     0017A
_timer1ReloadVal                             nvBANK0      00037
btemp                                        (abs)        0007E
clear_ram0                                   clrtext      00277
end_of_initialization                        cinit        00047
int$flags                                    (abs)        0007E
intlevel0                                    functab      00000
intlevel1                                    functab      00000
intlevel2                                    functab      00000
intlevel3                                    functab      00000
intlevel4                                    functab      00000
intlevel5                                    functab      00000
reset_vec                                    reset_vec    00000
start                                        init         00035
start_initialization                         cinit        00037
wtemp0                                       (abs)        0007E


FUNCTION INFORMATION:

 *************** function _main *****************
 Defined at:
		line 76 in file "main.c"
 Parameters:    Size  Location     Type
		None
 Auto vars:     Size  Location     Type
		None
 Return value:  Size  Location     Type
                  1    wreg      void 
 Registers used:
		wreg, status,2, status,0, pclath, cstack
 Tracked objects:
		On entry : 
		On exit  : 
		Unchanged: 
 Data sizes:     COMMON   BANK0   BANK1   BANK2   BANK3   BANK4
      Params:         0       0       0       0       0       0
      Locals:         0       0       0       0       0       0
      Temps:          0       0       0       0       0       0
      Totals:         0       0       0       0       0       0
Total ram usage:        0 bytes
 Hardware stack levels required when called:    8
 This function calls:
		_I2C1_Open
		_I2C1_SlaveSetAddrIntHandler
		_I2C1_SlaveSetReadIntHandler
		_SYSTEM_Initialize
		_TMR1_SetInterruptHandler
		_TMR1_StartTimer
 This function is called by:
		Startup code after reset
 This function uses a non-reentrant model


 *************** function _TMR1_StartTimer *****************
 Defined at:
		line 93 in file "mcc_generated_files/tmr1.c"
 Parameters:    Size  Location     Type
		None
 Auto vars:     Size  Location     Type
		None
 Return value:  Size  Location     Type
                  1    wreg      void 
 Registers used:
		None
 Tracked objects:
		On entry : 
		On exit  : 
		Unchanged: 
 Data sizes:     COMMON   BANK0   BANK1   BANK2   BANK3   BANK4
      Params:         0       0       0       0       0       0
      Locals:         0       0       0       0       0       0
      Temps:          0       0       0       0       0       0
      Totals:         0       0       0       0       0       0
Total ram usage:        0 bytes
 Hardware stack levels used:    1
 Hardware stack levels required when called:    5
 This function calls:
		Nothing
 This function is called by:
		_main
 This function uses a non-reentrant model


 *************** function _SYSTEM_Initialize *****************
 Defined at:
		line 50 in file "mcc_generated_files/mcc.c"
 Parameters:    Size  Location     Type
		None
 Auto vars:     Size  Location     Type
		None
 Return value:  Size  Location     Type
                  1    wreg      void 
 Registers used:
		wreg, status,2, status,0, pclath, cstack
 Tracked objects:
		On entry : 
		On exit  : 
		Unchanged: 
 Data sizes:     COMMON   BANK0   BANK1   BANK2   BANK3   BANK4
      Params:         0       0       0       0       0       0
      Locals:         0       0       0       0       0       0
      Temps:          0       0       0       0       0       0
      Totals:         0       0       0       0       0       0
Total ram usage:        0 bytes
 Hardware stack levels used:    1
 Hardware stack levels required when called:    7
 This function calls:
		_I2C1_Initialize
		_OSCILLATOR_Initialize
		_PIN_MANAGER_Initialize
		_TMR1_Initialize
		_WDT_Initialize
 This function is called by:
		_main
 This function uses a non-reentrant model


 *************** function _WDT_Initialize *****************
 Defined at:
		line 70 in file "mcc_generated_files/mcc.c"
 Parameters:    Size  Location     Type
		None
 Auto vars:     Size  Location     Type
		None
 Return value:  Size  Location     Type
                  1    wreg      void 
 Registers used:
		wreg
 Tracked objects:
		On entry : 
		On exit  : 
		Unchanged: 
 Data sizes:     COMMON   BANK0   BANK1   BANK2   BANK3   BANK4
      Params:         0       0       0       0       0       0
      Locals:         0       0       0       0       0       0
      Temps:          0       0       0       0       0       0
      Totals:         0       0       0       0       0       0
Total ram usage:        0 bytes
 Hardware stack levels used:    1
 Hardware stack levels required when called:    5
 This function calls:
		Nothing
 This function is called by:
		_SYSTEM_Initialize
 This function uses a non-reentrant model


 *************** function _TMR1_Initialize *****************
 Defined at:
		line 64 in file "mcc_generated_files/tmr1.c"
 Parameters:    Size  Location     Type
		None
 Auto vars:     Size  Location     Type
		None
 Return value:  Size  Location     Type
                  1    wreg      void 
 Registers used:
		wreg, status,2, status,0, pclath, cstack
 Tracked objects:
		On entry : 
		On exit  : 
		Unchanged: 
 Data sizes:     COMMON   BANK0   BANK1   BANK2   BANK3   BANK4
      Params:         0       0       0       0       0       0
      Locals:         0       0       0       0       0       0
      Temps:          0       0       0       0       0       0
      Totals:         0       0       0       0       0       0
Total ram usage:        0 bytes
 Hardware stack levels used:    1
 Hardware stack levels required when called:    6
 This function calls:
		_TMR1_SetInterruptHandler
 This function is called by:
		_SYSTEM_Initialize
 This function uses a non-reentrant model


 *************** function _TMR1_SetInterruptHandler *****************
 Defined at:
		line 171 in file "mcc_generated_files/tmr1.c"
 Parameters:    Size  Location     Type
  InterruptHan    2    0[BANK0 ] PTR FTN()void 
		 -> Timer_ISR(1), TMR1_DefaultInterruptHandler(1), 
 Auto vars:     Size  Location     Type
		None
 Return value:  Size  Location     Type
                  1    wreg      void 
 Registers used:
		wreg
 Tracked objects:
		On entry : 
		On exit  : 
		Unchanged: 
 Data sizes:     COMMON   BANK0   BANK1   BANK2   BANK3   BANK4
      Params:         0       2       0       0       0       0
      Locals:         0       0       0       0       0       0
      Temps:          0       0       0       0       0       0
      Totals:         0       2       0       0       0       0
Total ram usage:        2 bytes
 Hardware stack levels used:    1
 Hardware stack levels required when called:    5
 This function calls:
		Nothing
 This function is called by:
		_TMR1_Initialize
		_main
 This function uses a non-reentrant model


 *************** function _PIN_MANAGER_Initialize *****************
 Defined at:
		line 55 in file "mcc_generated_files/pin_manager.c"
 Parameters:    Size  Location     Type
		None
 Auto vars:     Size  Location     Type
		None
 Return value:  Size  Location     Type
                  1    wreg      void 
 Registers used:
		wreg, status,2
 Tracked objects:
		On entry : 
		On exit  : 
		Unchanged: 
 Data sizes:     COMMON   BANK0   BANK1   BANK2   BANK3   BANK4
      Params:         0       0       0       0       0       0
      Locals:         0       0       0       0       0       0
      Temps:          0       0       0       0       0       0
      Totals:         0       0       0       0       0       0
Total ram usage:        0 bytes
 Hardware stack levels used:    1
 Hardware stack levels required when called:    5
 This function calls:
		Nothing
 This function is called by:
		_SYSTEM_Initialize
 This function uses a non-reentrant model


 *************** function _OSCILLATOR_Initialize *****************
 Defined at:
		line 60 in file "mcc_generated_files/mcc.c"
 Parameters:    Size  Location     Type
		None
 Auto vars:     Size  Location     Type
		None
 Return value:  Size  Location     Type
                  1    wreg      void 
 Registers used:
		wreg, status,2
 Tracked objects:
		On entry : 
		On exit  : 
		Unchanged: 
 Data sizes:     COMMON   BANK0   BANK1   BANK2   BANK3   BANK4
      Params:         0       0       0       0       0       0
      Locals:         0       0       0       0       0       0
      Temps:          0       0       0       0       0       0
      Totals:         0       0       0       0       0       0
Total ram usage:        0 bytes
 Hardware stack levels used:    1
 Hardware stack levels required when called:    5
 This function calls:
		Nothing
 This function is called by:
		_SYSTEM_Initialize
 This function uses a non-reentrant model


 *************** function _I2C1_Initialize *****************
 Defined at:
		line 104 in file "mcc_generated_files/i2c1_slave.c"
 Parameters:    Size  Location     Type
		None
 Auto vars:     Size  Location     Type
		None
 Return value:  Size  Location     Type
                  1    wreg      void 
 Registers used:
		wreg, status,2, status,0
 Tracked objects:
		On entry : 
		On exit  : 
		Unchanged: 
 Data sizes:     COMMON   BANK0   BANK1   BANK2   BANK3   BANK4
      Params:         0       0       0       0       0       0
      Locals:         0       0       0       0       0       0
      Temps:          0       1       0       0       0       0
      Totals:         0       1       0       0       0       0
Total ram usage:        1 bytes
 Hardware stack levels used:    1
 Hardware stack levels required when called:    5
 This function calls:
		Nothing
 This function is called by:
		_SYSTEM_Initialize
		_I2C1_Enable
 This function uses a non-reentrant model


 *************** function _I2C1_Open *****************
 Defined at:
		line 112 in file "mcc_generated_files/i2c1_slave.c"
 Parameters:    Size  Location     Type
		None
 Auto vars:     Size  Location     Type
		None
 Return value:  Size  Location     Type
                  1    wreg      void 
 Registers used:
		wreg, status,2, status,0, pclath, cstack
 Tracked objects:
		On entry : 
		On exit  : 
		Unchanged: 
 Data sizes:     COMMON   BANK0   BANK1   BANK2   BANK3   BANK4
      Params:         0       0       0       0       0       0
      Locals:         0       0       0       0       0       0
      Temps:          0       0       0       0       0       0
      Totals:         0       0       0       0       0       0
Total ram usage:        0 bytes
 Hardware stack levels used:    1
 Hardware stack levels required when called:    6
 This function calls:
		_I2C1_SlaveEnableIrq
		_I2C1_SlaveOpen
		_I2C1_SlaveSetAddrIntHandler
		_I2C1_SlaveSetBusColIntHandler
		_I2C1_SlaveSetIsrHandler
		_I2C1_SlaveSetReadIntHandler
		_I2C1_SlaveSetSlaveAddr
		_I2C1_SlaveSetSlaveMask
		_I2C1_SlaveSetWrColIntHandler
		_I2C1_SlaveSetWriteIntHandler
 This function is called by:
		_main
 This function uses a non-reentrant model


 *************** function _I2C1_SlaveSetWriteIntHandler *****************
 Defined at:
		line 232 in file "mcc_generated_files/i2c1_slave.c"
 Parameters:    Size  Location     Type
  handler         2    0[BANK0 ] PTR FTN()void 
		 -> I2C1_SlaveDefWrInterruptHandler(1), 
 Auto vars:     Size  Location     Type
		None
 Return value:  Size  Location     Type
                  1    wreg      void 
 Registers used:
		wreg
 Tracked objects:
		On entry : 
		On exit  : 
		Unchanged: 
 Data sizes:     COMMON   BANK0   BANK1   BANK2   BANK3   BANK4
      Params:         0       2       0       0       0       0
      Locals:         0       0       0       0       0       0
      Temps:          0       0       0       0       0       0
      Totals:         0       2       0       0       0       0
Total ram usage:        2 bytes
 Hardware stack levels used:    1
 Hardware stack levels required when called:    5
 This function calls:
		Nothing
 This function is called by:
		_I2C1_Open
 This function uses a non-reentrant model


 *************** function _I2C1_SlaveSetWrColIntHandler *****************
 Defined at:
		line 265 in file "mcc_generated_files/i2c1_slave.c"
 Parameters:    Size  Location     Type
  handler         2    0[BANK0 ] PTR FTN()void 
		 -> I2C1_SlaveDefWrColInterruptHandler(1), 
 Auto vars:     Size  Location     Type
		None
 Return value:  Size  Location     Type
                  1    wreg      void 
 Registers used:
		wreg
 Tracked objects:
		On entry : 
		On exit  : 
		Unchanged: 
 Data sizes:     COMMON   BANK0   BANK1   BANK2   BANK3   BANK4
      Params:         0       2       0       0       0       0
      Locals:         0       0       0       0       0       0
      Temps:          0       0       0       0       0       0
      Totals:         0       2       0       0       0       0
Total ram usage:        2 bytes
 Hardware stack levels used:    1
 Hardware stack levels required when called:    5
 This function calls:
		Nothing
 This function is called by:
		_I2C1_Open
 This function uses a non-reentrant model


 *************** function _I2C1_SlaveSetSlaveMask *****************
 Defined at:
		line 322 in file "mcc_generated_files/i2c1_slave.c"
 Parameters:    Size  Location     Type
  maskAddr        1    wreg     unsigned char 
 Auto vars:     Size  Location     Type
  maskAddr        1    0[BANK0 ] unsigned char 
 Return value:  Size  Location     Type
                  1    wreg      void 
 Registers used:
		wreg
 Tracked objects:
		On entry : 
		On exit  : 
		Unchanged: 
 Data sizes:     COMMON   BANK0   BANK1   BANK2   BANK3   BANK4
      Params:         0       0       0       0       0       0
      Locals:         0       1       0       0       0       0
      Temps:          0       0       0       0       0       0
      Totals:         0       1       0       0       0       0
Total ram usage:        1 bytes
 Hardware stack levels used:    1
 Hardware stack levels required when called:    5
 This function calls:
		Nothing
 This function is called by:
		_I2C1_Open
 This function uses a non-reentrant model


 *************** function _I2C1_SlaveSetSlaveAddr *****************
 Defined at:
		line 317 in file "mcc_generated_files/i2c1_slave.c"
 Parameters:    Size  Location     Type
  slaveAddr       1    wreg     unsigned char 
 Auto vars:     Size  Location     Type
  slaveAddr       1    0[BANK0 ] unsigned char 
 Return value:  Size  Location     Type
                  1    wreg      void 
 Registers used:
		wreg
 Tracked objects:
		On entry : 
		On exit  : 
		Unchanged: 
 Data sizes:     COMMON   BANK0   BANK1   BANK2   BANK3   BANK4
      Params:         0       0       0       0       0       0
      Locals:         0       1       0       0       0       0
      Temps:          0       0       0       0       0       0
      Totals:         0       1       0       0       0       0
Total ram usage:        1 bytes
 Hardware stack levels used:    1
 Hardware stack levels required when called:    5
 This function calls:
		Nothing
 This function is called by:
		_I2C1_Open
 This function uses a non-reentrant model


 *************** function _I2C1_SlaveSetReadIntHandler *****************
 Defined at:
		line 215 in file "mcc_generated_files/i2c1_slave.c"
 Parameters:    Size  Location     Type
  handler         2    0[BANK0 ] PTR FTN()void 
		 -> I2C1_ReadISR(1), I2C1_SlaveDefRdInterruptHandler(1), 
 Auto vars:     Size  Location     Type
		None
 Return value:  Size  Location     Type
                  1    wreg      void 
 Registers used:
		wreg
 Tracked objects:
		On entry : 
		On exit  : 
		Unchanged: 
 Data sizes:     COMMON   BANK0   BANK1   BANK2   BANK3   BANK4
      Params:         0       2       0       0       0       0
      Locals:         0       0       0       0       0       0
      Temps:          0       0       0       0       0       0
      Totals:         0       2       0       0       0       0
Total ram usage:        2 bytes
 Hardware stack levels used:    1
 Hardware stack levels required when called:    5
 This function calls:
		Nothing
 This function is called by:
		_I2C1_Open
		_main
 This function uses a non-reentrant model


 *************** function _I2C1_SlaveSetIsrHandler *****************
 Defined at:
		line 209 in file "mcc_generated_files/i2c1_slave.c"
 Parameters:    Size  Location     Type
  handler         2    0[BANK0 ] PTR FTN()void 
		 -> I2C1_Isr(1), 
 Auto vars:     Size  Location     Type
		None
 Return value:  Size  Location     Type
                  1    wreg      void 
 Registers used:
		wreg
 Tracked objects:
		On entry : 
		On exit  : 
		Unchanged: 
 Data sizes:     COMMON   BANK0   BANK1   BANK2   BANK3   BANK4
      Params:         0       2       0       0       0       0
      Locals:         0       0       0       0       0       0
      Temps:          0       0       0       0       0       0
      Totals:         0       2       0       0       0       0
Total ram usage:        2 bytes
 Hardware stack levels used:    1
 Hardware stack levels required when called:    5
 This function calls:
		Nothing
 This function is called by:
		_I2C1_Open
 This function uses a non-reentrant model


 *************** function _I2C1_SlaveSetBusColIntHandler *****************
 Defined at:
		line 281 in file "mcc_generated_files/i2c1_slave.c"
 Parameters:    Size  Location     Type
  handler         2    0[BANK0 ] PTR FTN()void 
		 -> I2C1_SlaveDefBusColInterruptHandler(1), 
 Auto vars:     Size  Location     Type
		None
 Return value:  Size  Location     Type
                  1    wreg      void 
 Registers used:
		wreg
 Tracked objects:
		On entry : 
		On exit  : 
		Unchanged: 
 Data sizes:     COMMON   BANK0   BANK1   BANK2   BANK3   BANK4
      Params:         0       2       0       0       0       0
      Locals:         0       0       0       0       0       0
      Temps:          0       0       0       0       0       0
      Totals:         0       2       0       0       0       0
Total ram usage:        2 bytes
 Hardware stack levels used:    1
 Hardware stack levels required when called:    5
 This function calls:
		Nothing
 This function is called by:
		_I2C1_Open
 This function uses a non-reentrant model


 *************** function _I2C1_SlaveSetAddrIntHandler *****************
 Defined at:
		line 249 in file "mcc_generated_files/i2c1_slave.c"
 Parameters:    Size  Location     Type
  handler         2    0[BANK0 ] PTR FTN()void 
		 -> I2C1_AddrISR(1), I2C1_SlaveDefAddrInterruptHandler(1), 
 Auto vars:     Size  Location     Type
		None
 Return value:  Size  Location     Type
                  1    wreg      void 
 Registers used:
		wreg
 Tracked objects:
		On entry : 
		On exit  : 
		Unchanged: 
 Data sizes:     COMMON   BANK0   BANK1   BANK2   BANK3   BANK4
      Params:         0       2       0       0       0       0
      Locals:         0       0       0       0       0       0
      Temps:          0       0       0       0       0       0
      Totals:         0       2       0       0       0       0
Total ram usage:        2 bytes
 Hardware stack levels used:    1
 Hardware stack levels required when called:    5
 This function calls:
		Nothing
 This function is called by:
		_I2C1_Open
		_main
 This function uses a non-reentrant model


 *************** function _I2C1_SlaveOpen *****************
 Defined at:
		line 296 in file "mcc_generated_files/i2c1_slave.c"
 Parameters:    Size  Location     Type
		None
 Auto vars:     Size  Location     Type
		None
 Return value:  Size  Location     Type
                  1    wreg      _Bool 
 Registers used:
		wreg, status,2, status,0
 Tracked objects:
		On entry : 
		On exit  : 
		Unchanged: 
 Data sizes:     COMMON   BANK0   BANK1   BANK2   BANK3   BANK4
      Params:         0       0       0       0       0       0
      Locals:         0       0       0       0       0       0
      Temps:          0       1       0       0       0       0
      Totals:         0       1       0       0       0       0
Total ram usage:        1 bytes
 Hardware stack levels used:    1
 Hardware stack levels required when called:    5
 This function calls:
		Nothing
 This function is called by:
		_I2C1_Open
 This function uses a non-reentrant model


 *************** function _I2C1_SlaveEnableIrq *****************
 Defined at:
		line 327 in file "mcc_generated_files/i2c1_slave.c"
 Parameters:    Size  Location     Type
		None
 Auto vars:     Size  Location     Type
		None
 Return value:  Size  Location     Type
                  1    wreg      void 
 Registers used:
		None
 Tracked objects:
		On entry : 
		On exit  : 
		Unchanged: 
 Data sizes:     COMMON   BANK0   BANK1   BANK2   BANK3   BANK4
      Params:         0       0       0       0       0       0
      Locals:         0       0       0       0       0       0
      Temps:          0       0       0       0       0       0
      Totals:         0       0       0       0       0       0
Total ram usage:        0 bytes
 Hardware stack levels used:    1
 Hardware stack levels required when called:    5
 This function calls:
		Nothing
 This function is called by:
		_I2C1_Open
 This function uses a non-reentrant model


 *************** function _INTERRUPT_InterruptManager *****************
 Defined at:
		line 52 in file "mcc_generated_files/interrupt_manager.c"
 Parameters:    Size  Location     Type
		None
 Auto vars:     Size  Location     Type
		None
 Return value:  Size  Location     Type
                  1    wreg      void 
 Registers used:
		wreg, fsr0l, fsr0h, fsr1l, fsr1h, status,2, status,0, pclath, cstack
 Tracked objects:
		On entry : 
		On exit  : 
		Unchanged: 
 Data sizes:     COMMON   BANK0   BANK1   BANK2   BANK3   BANK4
      Params:         0       0       0       0       0       0
      Locals:         0       0       0       0       0       0
      Temps:          0       0       0       0       0       0
      Totals:         0       0       0       0       0       0
Total ram usage:        0 bytes
 Hardware stack levels used:    1
 Hardware stack levels required when called:    4
 This function calls:
		Absolute function
		_I2C1_Isr
		_TMR1_ISR
 This function is called by:
		Interrupt level 1
 This function uses a non-reentrant model


 *************** function _TMR1_ISR *****************
 Defined at:
		line 157 in file "mcc_generated_files/tmr1.c"
 Parameters:    Size  Location     Type
		None
 Auto vars:     Size  Location     Type
		None
 Return value:  Size  Location     Type
                  1    wreg      void 
 Registers used:
		wreg, fsr1l, fsr1h, status,2, status,0, pclath, cstack
 Tracked objects:
		On entry : 
		On exit  : 
		Unchanged: 
 Data sizes:     COMMON   BANK0   BANK1   BANK2   BANK3   BANK4
      Params:         0       0       0       0       0       0
      Locals:         0       0       0       0       0       0
      Temps:          0       0       0       0       0       0
      Totals:         0       0       0       0       0       0
Total ram usage:        0 bytes
 Hardware stack levels used:    1
 Hardware stack levels required when called:    1
 This function calls:
		Absolute function
		_TMR1_DefaultInterruptHandler
		_TMR1_WriteTimer
		_Timer_ISR
 This function is called by:
		_INTERRUPT_InterruptManager
 This function uses a non-reentrant model


 *************** function _TMR1_DefaultInterruptHandler *****************
 Defined at:
		line 175 in file "mcc_generated_files/tmr1.c"
 Parameters:    Size  Location     Type
		None
 Auto vars:     Size  Location     Type
		None
 Return value:  Size  Location     Type
                  1    wreg      void 
 Registers used:
		None
 Tracked objects:
		On entry : 
		On exit  : 
		Unchanged: 
 Data sizes:     COMMON   BANK0   BANK1   BANK2   BANK3   BANK4
      Params:         0       0       0       0       0       0
      Locals:         0       0       0       0       0       0
      Temps:          0       0       0       0       0       0
      Totals:         0       0       0       0       0       0
Total ram usage:        0 bytes
 Hardware stack levels used:    1
 This function calls:
		Nothing
 This function is called by:
		_TMR1_Initialize
		_TMR1_ISR
 This function uses a non-reentrant model


 *************** function _Timer_ISR *****************
 Defined at:
		line 28 in file "main.c"
 Parameters:    Size  Location     Type
		None
 Auto vars:     Size  Location     Type
		None
 Return value:  Size  Location     Type
                  1    wreg      void 
 Registers used:
		wreg, fsr1l, fsr1h, status,2, status,0
 Tracked objects:
		On entry : 
		On exit  : 
		Unchanged: 
 Data sizes:     COMMON   BANK0   BANK1   BANK2   BANK3   BANK4
      Params:         0       0       0       0       0       0
      Locals:         0       0       0       0       0       0
      Temps:          1       0       0       0       0       0
      Totals:         1       0       0       0       0       0
Total ram usage:        1 bytes
 Hardware stack levels used:    1
 This function calls:
		Nothing
 This function is called by:
		_main
		_TMR1_ISR
 This function uses a non-reentrant model


 *************** function _TMR1_WriteTimer *****************
 Defined at:
		line 120 in file "mcc_generated_files/tmr1.c"
 Parameters:    Size  Location     Type
  timerVal        2    0[COMMON] unsigned short 
 Auto vars:     Size  Location     Type
		None
 Return value:  Size  Location     Type
                  1    wreg      void 
 Registers used:
		wreg, status,2
 Tracked objects:
		On entry : 
		On exit  : 
		Unchanged: 
 Data sizes:     COMMON   BANK0   BANK1   BANK2   BANK3   BANK4
      Params:         2       0       0       0       0       0
      Locals:         0       0       0       0       0       0
      Temps:          0       0       0       0       0       0
      Totals:         2       0       0       0       0       0
Total ram usage:        2 bytes
 Hardware stack levels used:    1
 This function calls:
		Nothing
 This function is called by:
		_TMR1_ISR
		_TMR1_Reload
 This function uses a non-reentrant model


 *************** function _I2C1_Isr *****************
 Defined at:
		line 156 in file "mcc_generated_files/i2c1_slave.c"
 Parameters:    Size  Location     Type
		None
 Auto vars:     Size  Location     Type
		None
 Return value:  Size  Location     Type
                  1    wreg      void 
 Registers used:
		wreg, fsr0l, fsr0h, fsr1l, fsr1h, status,2, status,0, pclath, cstack
 Tracked objects:
		On entry : 
		On exit  : 
		Unchanged: 
 Data sizes:     COMMON   BANK0   BANK1   BANK2   BANK3   BANK4
      Params:         0       0       0       0       0       0
      Locals:         0       0       0       0       0       0
      Temps:          2       0       0       0       0       0
      Totals:         2       0       0       0       0       0
Total ram usage:        2 bytes
 Hardware stack levels used:    1
 Hardware stack levels required when called:    3
 This function calls:
		_I2C1_SlaveAddrCallBack
		_I2C1_SlaveClearIrq
		_I2C1_SlaveGetRxData
		_I2C1_SlaveIsData
		_I2C1_SlaveIsRead
		_I2C1_SlaveIsWriteCollision
		_I2C1_SlaveRdCallBack
		_I2C1_SlaveReleaseClock
		_I2C1_SlaveRestart
		_I2C1_SlaveWrCallBack
		_I2C1_SlaveWrColCallBack
 This function is called by:
		_I2C1_Open
		_INTERRUPT_InterruptManager
 This function uses a non-reentrant model


 *************** function _I2C1_SlaveWrColCallBack *****************
 Defined at:
		line 269 in file "mcc_generated_files/i2c1_slave.c"
 Parameters:    Size  Location     Type
		None
 Auto vars:     Size  Location     Type
		None
 Return value:  Size  Location     Type
                  1    wreg      void 
 Registers used:
		wreg, status,2, status,0, pclath, cstack
 Tracked objects:
		On entry : 
		On exit  : 
		Unchanged: 
 Data sizes:     COMMON   BANK0   BANK1   BANK2   BANK3   BANK4
      Params:         0       0       0       0       0       0
      Locals:         0       0       0       0       0       0
      Temps:          0       0       0       0       0       0
      Totals:         0       0       0       0       0       0
Total ram usage:        0 bytes
 Hardware stack levels used:    1
 Hardware stack levels required when called:    1
 This function calls:
		Absolute function
		_I2C1_SlaveDefWrColInterruptHandler
 This function is called by:
		_I2C1_Isr
 This function uses a non-reentrant model


 *************** function _I2C1_SlaveDefWrColInterruptHandler *****************
 Defined at:
		line 277 in file "mcc_generated_files/i2c1_slave.c"
 Parameters:    Size  Location     Type
		None
 Auto vars:     Size  Location     Type
		None
 Return value:  Size  Location     Type
                  1    wreg      void 
 Registers used:
		None
 Tracked objects:
		On entry : 
		On exit  : 
		Unchanged: 
 Data sizes:     COMMON   BANK0   BANK1   BANK2   BANK3   BANK4
      Params:         0       0       0       0       0       0
      Locals:         0       0       0       0       0       0
      Temps:          0       0       0       0       0       0
      Totals:         0       0       0       0       0       0
Total ram usage:        0 bytes
 Hardware stack levels used:    1
 This function calls:
		Nothing
 This function is called by:
		_I2C1_Open
		_I2C1_SlaveWrColCallBack
 This function uses a non-reentrant model


 *************** function _I2C1_SlaveWrCallBack *****************
 Defined at:
		line 236 in file "mcc_generated_files/i2c1_slave.c"
 Parameters:    Size  Location     Type
		None
 Auto vars:     Size  Location     Type
		None
 Return value:  Size  Location     Type
                  1    wreg      void 
 Registers used:
		wreg, status,2, status,0, pclath, cstack
 Tracked objects:
		On entry : 
		On exit  : 
		Unchanged: 
 Data sizes:     COMMON   BANK0   BANK1   BANK2   BANK3   BANK4
      Params:         0       0       0       0       0       0
      Locals:         0       0       0       0       0       0
      Temps:          0       0       0       0       0       0
      Totals:         0       0       0       0       0       0
Total ram usage:        0 bytes
 Hardware stack levels used:    1
 Hardware stack levels required when called:    2
 This function calls:
		Absolute function
		_I2C1_SlaveDefWrInterruptHandler
 This function is called by:
		_I2C1_Isr
 This function uses a non-reentrant model


 *************** function _I2C1_SlaveDefWrInterruptHandler *****************
 Defined at:
		line 244 in file "mcc_generated_files/i2c1_slave.c"
 Parameters:    Size  Location     Type
		None
 Auto vars:     Size  Location     Type
		None
 Return value:  Size  Location     Type
                  1    wreg      void 
 Registers used:
		wreg, status,2, status,0, pclath, cstack
 Tracked objects:
		On entry : 
		On exit  : 
		Unchanged: 
 Data sizes:     COMMON   BANK0   BANK1   BANK2   BANK3   BANK4
      Params:         0       0       0       0       0       0
      Locals:         0       0       0       0       0       0
      Temps:          0       0       0       0       0       0
      Totals:         0       0       0       0       0       0
Total ram usage:        0 bytes
 Hardware stack levels used:    1
 Hardware stack levels required when called:    1
 This function calls:
		_I2C1_SlaveSendTxData
 This function is called by:
		_I2C1_Open
		_I2C1_SlaveWrCallBack
 This function uses a non-reentrant model


 *************** function _I2C1_SlaveSendTxData *****************
 Defined at:
		line 377 in file "mcc_generated_files/i2c1_slave.c"
 Parameters:    Size  Location     Type
  data            1    wreg     unsigned char 
 Auto vars:     Size  Location     Type
  data            1    0[COMMON] unsigned char 
 Return value:  Size  Location     Type
                  1    wreg      void 
 Registers used:
		wreg
 Tracked objects:
		On entry : 
		On exit  : 
		Unchanged: 
 Data sizes:     COMMON   BANK0   BANK1   BANK2   BANK3   BANK4
      Params:         0       0       0       0       0       0
      Locals:         1       0       0       0       0       0
      Temps:          0       0       0       0       0       0
      Totals:         1       0       0       0       0       0
Total ram usage:        1 bytes
 Hardware stack levels used:    1
 This function calls:
		Nothing
 This function is called by:
		_I2C1_SlaveDefWrInterruptHandler
		_I2C1_Write
 This function uses a non-reentrant model


 *************** function _I2C1_SlaveRestart *****************
 Defined at:
		line 362 in file "mcc_generated_files/i2c1_slave.c"
 Parameters:    Size  Location     Type
		None
 Auto vars:     Size  Location     Type
		None
 Return value:  Size  Location     Type
                  1    wreg      void 
 Registers used:
		None
 Tracked objects:
		On entry : 
		On exit  : 
		Unchanged: 
 Data sizes:     COMMON   BANK0   BANK1   BANK2   BANK3   BANK4
      Params:         0       0       0       0       0       0
      Locals:         0       0       0       0       0       0
      Temps:          0       0       0       0       0       0
      Totals:         0       0       0       0       0       0
Total ram usage:        0 bytes
 Hardware stack levels used:    1
 This function calls:
		Nothing
 This function is called by:
		_I2C1_Isr
 This function uses a non-reentrant model


 *************** function _I2C1_SlaveReleaseClock *****************
 Defined at:
		line 347 in file "mcc_generated_files/i2c1_slave.c"
 Parameters:    Size  Location     Type
		None
 Auto vars:     Size  Location     Type
		None
 Return value:  Size  Location     Type
                  1    wreg      void 
 Registers used:
		None
 Tracked objects:
		On entry : 
		On exit  : 
		Unchanged: 
 Data sizes:     COMMON   BANK0   BANK1   BANK2   BANK3   BANK4
      Params:         0       0       0       0       0       0
      Locals:         0       0       0       0       0       0
      Temps:          0       0       0       0       0       0
      Totals:         0       0       0       0       0       0
Total ram usage:        0 bytes
 Hardware stack levels used:    1
 This function calls:
		Nothing
 This function is called by:
		_I2C1_Isr
 This function uses a non-reentrant model


 *************** function _I2C1_SlaveRdCallBack *****************
 Defined at:
		line 219 in file "mcc_generated_files/i2c1_slave.c"
 Parameters:    Size  Location     Type
		None
 Auto vars:     Size  Location     Type
		None
 Return value:  Size  Location     Type
                  1    wreg      void 
 Registers used:
		wreg, fsr1l, fsr1h, status,2, status,0, pclath, cstack
 Tracked objects:
		On entry : 
		On exit  : 
		Unchanged: 
 Data sizes:     COMMON   BANK0   BANK1   BANK2   BANK3   BANK4
      Params:         0       0       0       0       0       0
      Locals:         0       0       0       0       0       0
      Temps:          0       0       0       0       0       0
      Totals:         0       0       0       0       0       0
Total ram usage:        0 bytes
 Hardware stack levels used:    1
 Hardware stack levels required when called:    2
 This function calls:
		Absolute function
		_I2C1_ReadISR
		_I2C1_SlaveDefRdInterruptHandler
 This function is called by:
		_I2C1_Isr
 This function uses a non-reentrant model


 *************** function _I2C1_ReadISR *****************
 Defined at:
		line 67 in file "main.c"
 Parameters:    Size  Location     Type
		None
 Auto vars:     Size  Location     Type
		None
 Return value:  Size  Location     Type
                  1    wreg      void 
 Registers used:
		wreg, fsr1l, fsr1h, status,2, status,0
 Tracked objects:
		On entry : 
		On exit  : 
		Unchanged: 
 Data sizes:     COMMON   BANK0   BANK1   BANK2   BANK3   BANK4
      Params:         0       0       0       0       0       0
      Locals:         0       0       0       0       0       0
      Temps:          1       0       0       0       0       0
      Totals:         1       0       0       0       0       0
Total ram usage:        1 bytes
 Hardware stack levels used:    1
 This function calls:
		Nothing
 This function is called by:
		_main
		_I2C1_SlaveRdCallBack
 This function uses a non-reentrant model


 *************** function _I2C1_SlaveDefRdInterruptHandler *****************
 Defined at:
		line 227 in file "mcc_generated_files/i2c1_slave.c"
 Parameters:    Size  Location     Type
		None
 Auto vars:     Size  Location     Type
		None
 Return value:  Size  Location     Type
                  1    wreg      void 
 Registers used:
		wreg, pclath, cstack
 Tracked objects:
		On entry : 
		On exit  : 
		Unchanged: 
 Data sizes:     COMMON   BANK0   BANK1   BANK2   BANK3   BANK4
      Params:         0       0       0       0       0       0
      Locals:         0       0       0       0       0       0
      Temps:          1       0       0       0       0       0
      Totals:         1       0       0       0       0       0
Total ram usage:        1 bytes
 Hardware stack levels used:    1
 Hardware stack levels required when called:    1
 This function calls:
		_I2C1_SlaveGetRxData
 This function is called by:
		_I2C1_Open
		_I2C1_SlaveRdCallBack
 This function uses a non-reentrant model


 *************** function _I2C1_SlaveGetRxData *****************
 Defined at:
		line 382 in file "mcc_generated_files/i2c1_slave.c"
 Parameters:    Size  Location     Type
		None
 Auto vars:     Size  Location     Type
		None
 Return value:  Size  Location     Type
                  1    wreg      unsigned char 
 Registers used:
		wreg
 Tracked objects:
		On entry : 
		On exit  : 
		Unchanged: 
 Data sizes:     COMMON   BANK0   BANK1   BANK2   BANK3   BANK4
      Params:         0       0       0       0       0       0
      Locals:         0       0       0       0       0       0
      Temps:          0       0       0       0       0       0
      Totals:         0       0       0       0       0       0
Total ram usage:        0 bytes
 Hardware stack levels used:    1
 This function calls:
		Nothing
 This function is called by:
		_I2C1_Isr
		_I2C1_SlaveDefRdInterruptHandler
		_I2C1_Read
 This function uses a non-reentrant model


 *************** function _I2C1_SlaveIsWriteCollision *****************
 Defined at:
		line 352 in file "mcc_generated_files/i2c1_slave.c"
 Parameters:    Size  Location     Type
		None
 Auto vars:     Size  Location     Type
		None
 Return value:  Size  Location     Type
                  1    wreg      _Bool 
 Registers used:
		wreg, status,2, status,0
 Tracked objects:
		On entry : 
		On exit  : 
		Unchanged: 
 Data sizes:     COMMON   BANK0   BANK1   BANK2   BANK3   BANK4
      Params:         0       0       0       0       0       0
      Locals:         0       0       0       0       0       0
      Temps:          0       0       0       0       0       0
      Totals:         0       0       0       0       0       0
Total ram usage:        0 bytes
 Hardware stack levels used:    1
 This function calls:
		Nothing
 This function is called by:
		_I2C1_Isr
 This function uses a non-reentrant model


 *************** function _I2C1_SlaveIsRead *****************
 Defined at:
		line 337 in file "mcc_generated_files/i2c1_slave.c"
 Parameters:    Size  Location     Type
		None
 Auto vars:     Size  Location     Type
		None
 Return value:  Size  Location     Type
                  1    wreg      _Bool 
 Registers used:
		wreg, status,2, status,0
 Tracked objects:
		On entry : 
		On exit  : 
		Unchanged: 
 Data sizes:     COMMON   BANK0   BANK1   BANK2   BANK3   BANK4
      Params:         0       0       0       0       0       0
      Locals:         0       0       0       0       0       0
      Temps:          0       0       0       0       0       0
      Totals:         0       0       0       0       0       0
Total ram usage:        0 bytes
 Hardware stack levels used:    1
 This function calls:
		Nothing
 This function is called by:
		_I2C1_Isr
 This function uses a non-reentrant model


 *************** function _I2C1_SlaveIsData *****************
 Defined at:
		line 357 in file "mcc_generated_files/i2c1_slave.c"
 Parameters:    Size  Location     Type
		None
 Auto vars:     Size  Location     Type
		None
 Return value:  Size  Location     Type
                  1    wreg      _Bool 
 Registers used:
		wreg, status,2, status,0
 Tracked objects:
		On entry : 
		On exit  : 
		Unchanged: 
 Data sizes:     COMMON   BANK0   BANK1   BANK2   BANK3   BANK4
      Params:         0       0       0       0       0       0
      Locals:         0       0       0       0       0       0
      Temps:          0       0       0       0       0       0
      Totals:         0       0       0       0       0       0
Total ram usage:        0 bytes
 Hardware stack levels used:    1
 This function calls:
		Nothing
 This function is called by:
		_I2C1_Isr
 This function uses a non-reentrant model


 *************** function _I2C1_SlaveClearIrq *****************
 Defined at:
		line 342 in file "mcc_generated_files/i2c1_slave.c"
 Parameters:    Size  Location     Type
		None
 Auto vars:     Size  Location     Type
		None
 Return value:  Size  Location     Type
                  1    wreg      void 
 Registers used:
		None
 Tracked objects:
		On entry : 
		On exit  : 
		Unchanged: 
 Data sizes:     COMMON   BANK0   BANK1   BANK2   BANK3   BANK4
      Params:         0       0       0       0       0       0
      Locals:         0       0       0       0       0       0
      Temps:          0       0       0       0       0       0
      Totals:         0       0       0       0       0       0
Total ram usage:        0 bytes
 Hardware stack levels used:    1
 This function calls:
		Nothing
 This function is called by:
		_I2C1_Isr
 This function uses a non-reentrant model


 *************** function _I2C1_SlaveAddrCallBack *****************
 Defined at:
		line 253 in file "mcc_generated_files/i2c1_slave.c"
 Parameters:    Size  Location     Type
		None
 Auto vars:     Size  Location     Type
		None
 Return value:  Size  Location     Type
                  1    wreg      void 
 Registers used:
		wreg, status,2, status,0, pclath, cstack
 Tracked objects:
		On entry : 
		On exit  : 
		Unchanged: 
 Data sizes:     COMMON   BANK0   BANK1   BANK2   BANK3   BANK4
      Params:         0       0       0       0       0       0
      Locals:         0       0       0       0       0       0
      Temps:          0       0       0       0       0       0
      Totals:         0       0       0       0       0       0
Total ram usage:        0 bytes
 Hardware stack levels used:    1
 Hardware stack levels required when called:    2
 This function calls:
		Absolute function
		_I2C1_AddrISR
		_I2C1_SlaveDefAddrInterruptHandler
 This function is called by:
		_I2C1_Isr
 This function uses a non-reentrant model


 *************** function _I2C1_AddrISR *****************
 Defined at:
		line 72 in file "main.c"
 Parameters:    Size  Location     Type
		None
 Auto vars:     Size  Location     Type
		None
 Return value:  Size  Location     Type
                  1    wreg      void 
 Registers used:
		status,2
 Tracked objects:
		On entry : 
		On exit  : 
		Unchanged: 
 Data sizes:     COMMON   BANK0   BANK1   BANK2   BANK3   BANK4
      Params:         0       0       0       0       0       0
      Locals:         0       0       0       0       0       0
      Temps:          0       0       0       0       0       0
      Totals:         0       0       0       0       0       0
Total ram usage:        0 bytes
 Hardware stack levels used:    1
 This function calls:
		Nothing
 This function is called by:
		_main
		_I2C1_SlaveAddrCallBack
 This function uses a non-reentrant model


 *************** function _I2C1_SlaveDefAddrInterruptHandler *****************
 Defined at:
		line 260 in file "mcc_generated_files/i2c1_slave.c"
 Parameters:    Size  Location     Type
		None
 Auto vars:     Size  Location     Type
		None
 Return value:  Size  Location     Type
                  1    wreg      void 
 Registers used:
		wreg, pclath, cstack
 Tracked objects:
		On entry : 
		On exit  : 
		Unchanged: 
 Data sizes:     COMMON   BANK0   BANK1   BANK2   BANK3   BANK4
      Params:         0       0       0       0       0       0
      Locals:         0       0       0       0       0       0
      Temps:          1       0       0       0       0       0
      Totals:         1       0       0       0       0       0
Total ram usage:        1 bytes
 Hardware stack levels used:    1
 Hardware stack levels required when called:    1
 This function calls:
		_I2C1_SlaveGetAddr
 This function is called by:
		_I2C1_Open
		_I2C1_SlaveAddrCallBack
 This function uses a non-reentrant model


 *************** function _I2C1_SlaveGetAddr *****************
 Defined at:
		line 387 in file "mcc_generated_files/i2c1_slave.c"
 Parameters:    Size  Location     Type
		None
 Auto vars:     Size  Location     Type
		None
 Return value:  Size  Location     Type
                  1    wreg      unsigned char 
 Registers used:
		wreg
 Tracked objects:
		On entry : 
		On exit  : 
		Unchanged: 
 Data sizes:     COMMON   BANK0   BANK1   BANK2   BANK3   BANK4
      Params:         0       0       0       0       0       0
      Locals:         0       0       0       0       0       0
      Temps:          0       0       0       0       0       0
      Totals:         0       0       0       0       0       0
Total ram usage:        0 bytes
 Hardware stack levels used:    1
 This function calls:
		Nothing
 This function is called by:
		_I2C1_SlaveDefAddrInterruptHandler
 This function uses a non-reentrant model



MODULE INFORMATION

Module		Function		Class		Link	Load	Size
mcc_generated_files/interrupt_manager.c
		_INTERRUPT_InterruptManager		CODE           	0004	0000	50

mcc_generated_files/interrupt_manager.c estimated size: 50

mcc_generated_files/pin_manager.c
		_PIN_MANAGER_Initialize		CODE           	01CF	0000	22

mcc_generated_files/pin_manager.c estimated size: 22

mcc_generated_files/i2c1_slave.c
		_I2C1_SlaveDefWrColInterruptHandler		CODE           	02E8	0000	2
		_I2C1_SlaveSetReadIntHandler		CODE           	029B	0000	7
		_I2C1_SlaveDefAddrInterruptHandler		CODE           	0270	0000	8
		_I2C1_SlaveWrColCallBack		CODE           	0215	0000	14
		_I2C1_SlaveSetAddrIntHandler		CODE           	02AD	0000	7
		_I2C1_SlaveIsRead		CODE           	02C2	0000	6
		_I2C1_SlaveIsData		CODE           	02C7	0000	6
		_I2C1_SlaveSetIsrHandler		CODE           	02A1	0000	7
		_I2C1_SlaveEnableIrq		CODE           	02D3	0000	4
		_I2C1_SlaveDefRdInterruptHandler		CODE           	0269	0000	8
		_I2C1_SlaveDefWrInterruptHandler		CODE           	02B3	0000	6
		_I2C1_SlaveGetAddr		CODE           	02E2	0000	4
		_I2C1_SlaveOpen		CODE           	0205	0000	17
		_I2C1_SlaveSendTxData		CODE           	02B8	0000	6
		_I2C1_SlaveSetSlaveAddr		CODE           	0295	0000	7
		_I2C1_SlaveRdCallBack		CODE           	022F	0000	14
		_I2C1_SlaveWrCallBack		CODE           	0222	0000	14
		_I2C1_Isr      		CODE           	00E4	0000	88
		_I2C1_Open     		CODE           	013B	0000	64
		_I2C1_SlaveRestart		CODE           	02D6	0000	4
		_I2C1_SlaveAddrCallBack		CODE           	0249	0000	14
		_I2C1_Initialize		CODE           	0256	0000	13
		_I2C1_SlaveSetWrColIntHandler		CODE           	0289	0000	7
		_I2C1_SlaveIsWriteCollision		CODE           	02BD	0000	6
		_I2C1_SlaveClearIrq		CODE           	02DF	0000	4
		_I2C1_SlaveGetRxData		CODE           	02DC	0000	4
		_I2C1_SlaveSetWriteIntHandler		CODE           	0283	0000	7
		_I2C1_SlaveSetBusColIntHandler		CODE           	02A7	0000	7
		_I2C1_SlaveReleaseClock		CODE           	02D9	0000	4
		_I2C1_SlaveSetSlaveMask		CODE           	028F	0000	7

mcc_generated_files/i2c1_slave.c estimated size: 366

shared
		__initialization		CODE           	0037	0000	17

shared estimated size: 17

mcc_generated_files/mcc.c
		_WDT_Initialize		CODE           	02CC	0000	5
		_OSCILLATOR_Initialize		CODE           	0262	0000	8
		_SYSTEM_Initialize		CODE           	01F5	0000	17

mcc_generated_files/mcc.c estimated size: 30

mcc_generated_files/tmr1.c
		_TMR1_Initialize		CODE           	01A0	0000	26
		_TMR1_SetInterruptHandler		CODE           	027D	0000	7
		_TMR1_DefaultInterruptHandler		CODE           	02E7	0000	2
		_TMR1_WriteTimer		CODE           	01E4	0000	18
		_TMR1_StartTimer		CODE           	02D0	0000	4
		_TMR1_ISR      		CODE           	01B9	0000	23

mcc_generated_files/tmr1.c estimated size: 80

main.c
		_I2C1_ReadISR  		CODE           	023C	0000	14
		_Timer_ISR     		CODE           	004B	0000	154
		_main          		CODE           	017A	0000	39
		_I2C1_AddrISR  		CODE           	02E5	0000	3

main.c estimated size: 210

